home/hesham/Documents/Projects/haste-lang/test/errors/recursive_struct_type.haste:1:1: Error: Recursive declaration is not allowed
    1 | const S = struct { x: S; };
        ^ 
home/hesham/Documents/Projects/haste-lang/test/errors/recursive_struct_type.haste:1:20: Error: Cannot infer type for field 'x' without a default value.
    1 | const S = struct { x: S; };
                           ^ 
